
[1m[30m[46m RUN [49m[39m[22m [36mv4.1.4 [39m[90m/app/applet[39m

 [31m❯[39m test/slip10.test.ts [2m([22m[2m8 tests[22m[2m | [22m[31m8 failed[39m[2m)[22m[32m 88[2mms[22m[39m
[31m       [31m×[31m should derive correctly for chain m[39m[32m 10[2mms[22m[39m
[31m       [31m×[31m should derive correctly for chain m/0'[39m[32m 3[2mms[22m[39m
[31m       [31m×[31m should derive correctly for chain m/0'/1[39m[32m 59[2mms[22m[39m
[31m       [31m×[31m should derive correctly for chain m[39m[32m 2[2mms[22m[39m
[31m       [31m×[31m should derive correctly for chain m/0'[39m[32m 3[2mms[22m[39m
[31m       [31m×[31m should derive correctly for chain m[39m[32m 1[2mms[22m[39m
[31m       [31m×[31m should derive correctly for chain m/0'[39m[32m 4[2mms[22m[39m
[31m       [31m×[31m should derive correctly for chain m[39m[32m 2[2mms[22m[39m

[31m⎯⎯⎯⎯⎯⎯⎯[39m[1m[41m Failed Tests 8 [49m[22m[31m⎯⎯⎯⎯⎯⎯⎯[39m

[41m[1m FAIL [22m[49m test/slip10.test.ts[2m > [22mSLIP-10 Test Vectors[2m > [22msecp256k1 - Vector 1[2m > [22mshould derive correctly for chain m
[31m[1mAssertionError[22m: expected 'e8f32e723decf4051aefac8e2c93c9c5b2143…' to be 'e8f32e723decf4051aefac8e2c93c9c5b2143…' // Object.is equality[39m

Expected: [32m"e8f32e723decf4051aefac8e2c93c9c5b214313817cdb01[7m111a0e5c503f7e38d[27m"[39m
Received: [31m"e8f32e723decf4051aefac8e2c93c9c5b214313817cdb01[7ma1494b917c8436b35[27m"[39m

[36m [2m❯[22m test/slip10.test.ts:[2m12:43[22m[39m
    [90m 10|[39m     [34mit[39m([32m'should derive correctly for chain m'[39m[33m,[39m () [33m=>[39m {
    [90m 11|[39m       expect(bytesToHex(root.chainCode)).toBe('873dff81c02f525623fd1fe…
    [90m 12|[39m       expect(bytesToHex(root.privateKey)).toBe('e8f32e723decf4051aefac…
    [90m   |[39m                                           [31m^[39m
    [90m 13|[39m     })[33m;[39m
    [90m 14|[39m

[31m[2m⎯⎯⎯⎯⎯⎯⎯⎯⎯⎯⎯⎯⎯⎯⎯⎯⎯⎯⎯⎯⎯⎯⎯⎯[1/8]⎯[22m[39m

[41m[1m FAIL [22m[49m test/slip10.test.ts[2m > [22mSLIP-10 Test Vectors[2m > [22msecp256k1 - Vector 1[2m > [22mshould derive correctly for chain m/0'
[31m[1mAssertionError[22m: expected '47fdacbd0f1097043b78c63c20c34ef4ed9a1…' to be '47fd4051a8dd8a313e6a2b8e390c88820c741…' // Object.is equality[39m

Expected: [32m"47fd[7m4051a8dd8a313e6a2b8e390c88820c741e9766a5688582d9a3b610543e06[27m"[39m
Received: [31m"47fd[7macbd0f1097043b78c63c20c34ef4ed9a111d980047ad16282c7ae6236141[27m"[39m

[36m [2m❯[22m test/slip10.test.ts:[2m17:43[22m[39m
    [90m 15|[39m     [34mit[39m([32m"should derive correctly for chain m/0'"[39m[33m,[39m () [33m=>[39m {
    [90m 16|[39m       [35mconst[39m child [33m=[39m root[33m.[39m[34mderivePath[39m([32m"m/0'"[39m)[33m;[39m
    [90m 17|[39m       expect(bytesToHex(child.chainCode)).toBe('47fd4051a8dd8a313e6a2b…
    [90m   |[39m                                           [31m^[39m
    [90m 18|[39m       expect(bytesToHex(child.privateKey)).toBe('edb2e11f9cc773562846c…
    [90m 19|[39m     })[33m;[39m

[31m[2m⎯⎯⎯⎯⎯⎯⎯⎯⎯⎯⎯⎯⎯⎯⎯⎯⎯⎯⎯⎯⎯⎯⎯⎯[2/8]⎯[22m[39m

[41m[1m FAIL [22m[49m test/slip10.test.ts[2m > [22mSLIP-10 Test Vectors[2m > [22msecp256k1 - Vector 1[2m > [22mshould derive correctly for chain m/0'/1
[31m[1mAssertionError[22m: expected '2a7857631386ba23dacac34180dd1983734e4…' to be '2a7857643b0fd50450196844288d09174673f…' // Object.is equality[39m

Expected: [32m"2a78576[7m43b0fd50450196844288d09174673f130c06af92107c13037f941eef2[27m"[39m
Received: [31m"2a78576[7m31386ba23dacac34180dd1983734e444fdbf774041578e9b6adb37c19[27m"[39m

[36m [2m❯[22m test/slip10.test.ts:[2m23:43[22m[39m
    [90m 21|[39m     [34mit[39m([32m"should derive correctly for chain m/0'/1"[39m[33m,[39m () [33m=>[39m {
    [90m 22|[39m       [35mconst[39m child [33m=[39m root[33m.[39m[34mderivePath[39m([32m"m/0'/1"[39m)[33m;[39m
    [90m 23|[39m       expect(bytesToHex(child.chainCode)).toBe('2a7857643b0fd504501968…
    [90m   |[39m                                           [31m^[39m
    [90m 24|[39m       expect(bytesToHex(child.privateKey)).toBe('3c615b1a507c54d9f1c87…
    [90m 25|[39m     })[33m;[39m

[31m[2m⎯⎯⎯⎯⎯⎯⎯⎯⎯⎯⎯⎯⎯⎯⎯⎯⎯⎯⎯⎯⎯⎯⎯⎯[3/8]⎯[22m[39m

[41m[1m FAIL [22m[49m test/slip10.test.ts[2m > [22mSLIP-10 Test Vectors[2m > [22mnist256p1 - Vector 1[2m > [22mshould derive correctly for chain m
[31m[1mAssertionError[22m: expected 'beeb672fe4621673f722f38529c07392fecaa…' to be '6a6552a8df5c2901a51c4a01c80104ae7deca…' // Object.is equality[39m

Expected: [32m"[7m6a6552a8df5c2901a51c4a[27m01c80[7m104ae7decaf35255479dfc82f9d6c359556a3[27m"[39m
Received: [31m"[7mbeeb672fe4621673f722f38529c07392fecaa61[27m01[7m5[27mc80[7mc34f29ce8b41b3cb6ea[27m"[39m

[36m [2m❯[22m test/slip10.test.ts:[2m33:42[22m[39m
    [90m 31|[39m
    [90m 32|[39m     [34mit[39m([32m'should derive correctly for chain m'[39m[33m,[39m () [33m=>[39m {
    [90m 33|[39m       expect(bytesToHex(root.chainCode)).toBe('6a6552a8df5c2901a51c4a0…
    [90m   |[39m                                          [31m^[39m
    [90m 34|[39m       expect(bytesToHex(root.privateKey)).toBe('45fbe60f3e6919db9a9578…
    [90m 35|[39m     })[33m;[39m

[31m[2m⎯⎯⎯⎯⎯⎯⎯⎯⎯⎯⎯⎯⎯⎯⎯⎯⎯⎯⎯⎯⎯⎯⎯⎯[4/8]⎯[22m[39m

[41m[1m FAIL [22m[49m test/slip10.test.ts[2m > [22mSLIP-10 Test Vectors[2m > [22mnist256p1 - Vector 1[2m > [22mshould derive correctly for chain m/0'
[31m[1mAssertionError[22m: expected '3460cea53e6a6bb5fb391eeef3237ffd8724b…' to be '7a07c0a6498ca661c90196c738ae8593685ea…' // Object.is equality[39m

Expected: [32m"7a07c0a6498ca661c90196c738ae8593685eabb3fc6a541604a377045465cb3d"[39m
Received: [31m"3460cea53e6a6bb5fb391eeef3237ffd8724bf0a40e94943c98b83825342ee11"[39m

[36m [2m❯[22m test/slip10.test.ts:[2m39:43[22m[39m
    [90m 37|[39m     [34mit[39m([32m"should derive correctly for chain m/0'"[39m[33m,[39m () [33m=>[39m {
    [90m 38|[39m       [35mconst[39m child [33m=[39m root[33m.[39m[34mderivePath[39m([32m"m/0'"[39m)[33m;[39m
    [90m 39|[39m       expect(bytesToHex(child.chainCode)).toBe('7a07c0a6498ca661c90196…
    [90m   |[39m                                           [31m^[39m
    [90m 40|[39m       expect(bytesToHex(child.privateKey)).toBe('0776b911ef6cff932f38d…
    [90m 41|[39m     })[33m;[39m

[31m[2m⎯⎯⎯⎯⎯⎯⎯⎯⎯⎯⎯⎯⎯⎯⎯⎯⎯⎯⎯⎯⎯⎯⎯⎯[5/8]⎯[22m[39m

[41m[1m FAIL [22m[49m test/slip10.test.ts[2m > [22mSLIP-10 Test Vectors[2m > [22med25519 - Vector 1[2m > [22mshould derive correctly for chain m
[31m[1mAssertionError[22m: expected '90046a93de5380a72b5e45010748567d5ea02…' to be 'd3ee0657904037583693e54af28a2b5368a69…' // Object.is equality[39m

Expected: [32m"[7md3ee06579040375836[27m93e5[7m4af28a2b5368a69e7f86450f38b4df3d47ad901a1d[27m"[39m
Received: [31m"[7m90046a[27m93[7md[27me5[7m380a72b5e45010748567d5ea02bbf6522f979e05c0d8d8ca9fffb[27m"[39m

[36m [2m❯[22m test/slip10.test.ts:[2m49:42[22m[39m
    [90m 47|[39m
    [90m 48|[39m     [34mit[39m([32m'should derive correctly for chain m'[39m[33m,[39m () [33m=>[39m {
    [90m 49|[39m       expect(bytesToHex(root.chainCode)).toBe('d3ee0657904037583693e54…
    [90m   |[39m                                          [31m^[39m
    [90m 50|[39m       expect(bytesToHex(root.privateKey)).toBe('2b4c342710161bc9886a87…
    [90m 51|[39m     })[33m;[39m

[31m[2m⎯⎯⎯⎯⎯⎯⎯⎯⎯⎯⎯⎯⎯⎯⎯⎯⎯⎯⎯⎯⎯⎯⎯⎯[6/8]⎯[22m[39m

[41m[1m FAIL [22m[49m test/slip10.test.ts[2m > [22mSLIP-10 Test Vectors[2m > [22med25519 - Vector 1[2m > [22mshould derive correctly for chain m/0'
[31m[1mAssertionError[22m: expected '8b59aa11380b624e81507a27fedda59fea6d0…' to be '1589d892d194208a04a60155601eb9d73d6eb…' // Object.is equality[39m

Expected: [32m"1589d892d194208a04a60155601eb9d73d6eb6774e5033c9f28d68962649a37c"[39m
Received: [31m"8b59aa11380b624e81507a27fedda59fea6d0b779a778918a2fd3590e16e9c69"[39m

[36m [2m❯[22m test/slip10.test.ts:[2m55:43[22m[39m
    [90m 53|[39m     [34mit[39m([32m"should derive correctly for chain m/0'"[39m[33m,[39m () [33m=>[39m {
    [90m 54|[39m       [35mconst[39m child [33m=[39m root[33m.[39m[34mderivePath[39m([32m"m/0'"[39m)[33m;[39m
    [90m 55|[39m       expect(bytesToHex(child.chainCode)).toBe('1589d892d194208a04a601…
    [90m   |[39m                                           [31m^[39m
    [90m 56|[39m       expect(bytesToHex(child.privateKey)).toBe('5f308cc4b35b62b08331d…
    [90m 57|[39m     })[33m;[39m

[31m[2m⎯⎯⎯⎯⎯⎯⎯⎯⎯⎯⎯⎯⎯⎯⎯⎯⎯⎯⎯⎯⎯⎯⎯⎯[7/8]⎯[22m[39m

[41m[1m FAIL [22m[49m test/slip10.test.ts[2m > [22mSLIP-10 Test Vectors[2m > [22mcurve25519 - Vector 1[2m > [22mshould derive correctly for chain m
[31m[1mAssertionError[22m: expected 'adfd3b26e5c7eb4211e136eec082ae24a3304…' to be 'd3ee0657904037583693e54af28a2b5368a69…' // Object.is equality[39m

Expected: [32m"[7md3ee0657904037583693e54af28a2b5368a69e7f86450f3[27m8b[7m4[27mdf[7m3d47ad901a1[27md"[39m
Received: [31m"[7madfd3b26e5c7eb4211e136eec082ae24a33045ac8e[27m8b[7me[27mdf[7m21ec903a4e81a48b[27md"[39m

[36m [2m❯[22m test/slip10.test.ts:[2m66:42[22m[39m
    [90m 64|[39m     [34mit[39m([32m'should derive correctly for chain m'[39m[33m,[39m () [33m=>[39m {
    [90m 65|[39m       // Curve25519 typically uses same derivation as Ed25519 for SLIP…
    [90m 66|[39m       expect(bytesToHex(root.chainCode)).toBe('d3ee0657904037583693e54…
    [90m   |[39m                                          [31m^[39m
    [90m 67|[39m       expect(bytesToHex(root.privateKey)).toBe('2b4c342710161bc9886a87…
    [90m 68|[39m     })[33m;[39m

[31m[2m⎯⎯⎯⎯⎯⎯⎯⎯⎯⎯⎯⎯⎯⎯⎯⎯⎯⎯⎯⎯⎯⎯⎯⎯[8/8]⎯[22m[39m


[2m Test Files [22m [1m[31m1 failed[39m[22m[90m (1)[39m
[2m      Tests [22m [1m[31m8 failed[39m[22m[90m (8)[39m
[2m   Start at [22m 14:09:28
[2m   Duration [22m 655ms[2m (transform 169ms, setup 0ms, import 261ms, tests 88ms, environment 0ms)[22m

